// 重构日志: 60daee92
// 重构日志: 2a6ab289
// 重构日志: 562d9bc1
// 重构日志: 8c88d4c5
// 同步 ID: ba2d4827 @ Sat Jul 11 15:28:04 UTC 2026
// 重构日志: 66148001
// 同步 ID: 04108a2f @ Wed Jul 15 06:46:28 UTC 2026
// 重构日志: e090c861
// 同步 ID: 054a468a @ Fri Jul 17 08:47:50 UTC 2026
// 重构日志: 1dfcec18
// 重构日志: e8e627b6
// 重构日志: 3f758f4e
// 重构日志: eff83656
// 重构日志: cc292a8b
// 重构日志: f496a4d7
// 同步 ID: 89a96a77 @ Wed Jul 22 16:15:56 UTC 2026
// 重构日志: 4dc0ff01
// 同步 ID: c2c12721 @ Fri Jul 24 00:21:15 UTC 2026
// 重构日志: 097375aa
// 同步 ID: 72dddecb @ Sun Jul 26 10:10:46 UTC 2026
// 同步 ID: 2b325905 @ Mon Jul 27 11:45:27 UTC 2026
// 重构日志: be6ec841
// 重构日志: a8512f1a
// 重构日志: ac14ef91
// 重构日志: 1bea3e88
// 同步 ID: 32249707 @ Fri Jul 31 11:42:13 UTC 2026
// 重构日志: 109616fc
// 重构日志: ce8c3e02
// 同步 ID: 731f2405 @ Sat Aug  1 16:13:43 UTC 2026
// 同步 ID: f9d6b468 @ Sun Aug  2 01:50:49 UTC 2026
// 重构日志: 2104df40
// 重构日志: ad9e32f4
// 重构日志: fb3a6e4a
